components/ui/accordion.tsx(4,37): error TS2307: Cannot find module '@radix-ui/react-accordion' or its corresponding type declarations.
components/ui/alert-dialog.tsx(4,39): error TS2307: Cannot find module '@radix-ui/react-alert-dialog' or its corresponding type declarations.
components/ui/aspect-ratio.tsx(3,39): error TS2307: Cannot find module '@radix-ui/react-aspect-ratio' or its corresponding type declarations.
components/ui/avatar.tsx(4,34): error TS2307: Cannot find module '@radix-ui/react-avatar' or its corresponding type declarations.
components/ui/calendar.tsx(9,60): error TS2307: Cannot find module 'react-day-picker' or its corresponding type declarations.
components/ui/carousel.tsx(6,8): error TS2307: Cannot find module 'embla-carousel-react' or its corresponding type declarations.
components/ui/chart.tsx(109,3): error TS2339: Property 'payload' does not exist on type 'Omit<Props<ValueType, NameType>, PropertiesReadFromContext> & { active?: boolean; includeHidden?: boolean; allowEscapeViewBox?: AllowInDimension; ... 16 more ...; axisId?: AxisId; } & ClassAttributes<...> & HTMLAttributes<...> & { ...; }'.
components/ui/chart.tsx(114,3): error TS2339: Property 'label' does not exist on type 'Omit<Props<ValueType, NameType>, PropertiesReadFromContext> & { active?: boolean; includeHidden?: boolean; allowEscapeViewBox?: AllowInDimension; ... 16 more ...; axisId?: AxisId; } & ClassAttributes<...> & HTMLAttributes<...> & { ...; }'.
components/ui/chart.tsx(260,39): error TS2344: Type '"payload" | "verticalAlign"' does not satisfy the constraint '"string" | "className" | "filter" | "fill" | "values" | "suppressHydrationWarning" | "color" | "height" | "id" | "lang" | "max" | "media" | "method" | "min" | "name" | "style" | ... 430 more ... | "onBBoxUpdate"'.
  Type '"payload"' is not assignable to type '"string" | "className" | "filter" | "fill" | "values" | "suppressHydrationWarning" | "color" | "height" | "id" | "lang" | "max" | "media" | "method" | "min" | "name" | "style" | ... 430 more ... | "onBBoxUpdate"'.
components/ui/chart.tsx(266,17): error TS2339: Property 'length' does not exist on type 'unknown'.
components/ui/chart.tsx(278,16): error TS2339: Property 'map' does not exist on type 'unknown'.
components/ui/checkbox.tsx(4,36): error TS2307: Cannot find module '@radix-ui/react-checkbox' or its corresponding type declarations.
components/ui/collapsible.tsx(3,39): error TS2307: Cannot find module '@radix-ui/react-collapsible' or its corresponding type declarations.
components/ui/command.tsx(4,45): error TS2307: Cannot find module 'cmdk' or its corresponding type declarations.
components/ui/context-menu.tsx(4,39): error TS2307: Cannot find module '@radix-ui/react-context-menu' or its corresponding type declarations.
components/ui/dialog.tsx(4,34): error TS2307: Cannot find module '@radix-ui/react-dialog' or its corresponding type declarations.
components/ui/drawer.tsx(4,43): error TS2307: Cannot find module 'vaul' or its corresponding type declarations.
components/ui/dropdown-menu.tsx(4,40): error TS2307: Cannot find module '@radix-ui/react-dropdown-menu' or its corresponding type declarations.
components/ui/form.tsx(4,33): error TS2307: Cannot find module '@radix-ui/react-label' or its corresponding type declarations.
components/ui/form.tsx(14,8): error TS2307: Cannot find module 'react-hook-form' or its corresponding type declarations.
components/ui/hover-card.tsx(4,37): error TS2307: Cannot find module '@radix-ui/react-hover-card' or its corresponding type declarations.
components/ui/input-otp.tsx(4,43): error TS2307: Cannot find module 'input-otp' or its corresponding type declarations.
components/ui/input-otp.tsx(47,61): error TS2339: Property 'slots' does not exist on type 'unknown'.
components/ui/label.tsx(4,33): error TS2307: Cannot find module '@radix-ui/react-label' or its corresponding type declarations.
components/ui/menubar.tsx(4,35): error TS2307: Cannot find module '@radix-ui/react-menubar' or its corresponding type declarations.
components/ui/navigation-menu.tsx(2,42): error TS2307: Cannot find module '@radix-ui/react-navigation-menu' or its corresponding type declarations.
components/ui/popover.tsx(4,35): error TS2307: Cannot find module '@radix-ui/react-popover' or its corresponding type declarations.
components/ui/progress.tsx(4,36): error TS2307: Cannot find module '@radix-ui/react-progress' or its corresponding type declarations.
components/ui/radio-group.tsx(4,38): error TS2307: Cannot find module '@radix-ui/react-radio-group' or its corresponding type declarations.
components/ui/resizable.tsx(5,37): error TS2307: Cannot find module 'react-resizable-panels' or its corresponding type declarations.
components/ui/scroll-area.tsx(4,38): error TS2307: Cannot find module '@radix-ui/react-scroll-area' or its corresponding type declarations.
components/ui/separator.tsx(4,37): error TS2307: Cannot find module '@radix-ui/react-separator' or its corresponding type declarations.
components/ui/sheet.tsx(4,33): error TS2307: Cannot find module '@radix-ui/react-dialog' or its corresponding type declarations.
components/ui/slider.tsx(4,34): error TS2307: Cannot find module '@radix-ui/react-slider' or its corresponding type declarations.
components/ui/sonner.tsx(4,49): error TS2307: Cannot find module 'sonner' or its corresponding type declarations.
components/ui/switch.tsx(4,34): error TS2307: Cannot find module '@radix-ui/react-switch' or its corresponding type declarations.
components/ui/tabs.tsx(4,32): error TS2307: Cannot find module '@radix-ui/react-tabs' or its corresponding type declarations.
components/ui/toast.tsx(4,34): error TS2307: Cannot find module '@radix-ui/react-toast' or its corresponding type declarations.
components/ui/toggle-group.tsx(4,39): error TS2307: Cannot find module '@radix-ui/react-toggle-group' or its corresponding type declarations.
components/ui/toggle.tsx(4,34): error TS2307: Cannot find module '@radix-ui/react-toggle' or its corresponding type declarations.
components/ui/tooltip.tsx(4,35): error TS2307: Cannot find module '@radix-ui/react-tooltip' or its corresponding type declarations.
